// Jest Snapshot v1, https://goo.gl/fbAQLP

exports[`update should update and await affected count (type) should match snapshot 1`] = `"number"`;

exports[`update should update and returning id (type) should match snapshot 1`] = `"{ id: Uuid<\\"..\\">; }"`;

exports[`update should update and returning two columns (type) should match snapshot 1`] = `"{ id: Uuid<\\"..\\">; name: \\"Text\\"; }"`;

exports[`update should update without returning and return number (type) should match snapshot 1`] = `"number"`;

exports[`update should update-returning and await rows (type) should match snapshot 1`] = `"{ name: string; }[]"`;
