// Jest Snapshot v1, https://goo.gl/fbAQLP

exports[`insert should insert and await affect count (type) should match snapshot 1`] = `"number"`;

exports[`insert should insert and returning count (type) should match snapshot 1`] = `"number"`;

exports[`insert should insert-returning and await rows (type) should match snapshot 1`] = `"{ name: string; }[]"`;
